<http://rdfa.info/test-suite/test-cases/xhtml1/rdfa1.0/0015.xml> <http://purl.org/dc/elements/1.1/creator> "Fyodor Dostoevsky" .
<http://rdfa.info/test-suite/test-cases/xhtml1/rdfa1.0/0015.xml> <http://purl.org/dc/elements/1.1/source> <urn:isbn:0140449132> .
