<http://rdfa.info/test-suite/test-cases/xhtml1/rdfa1.0/0071.xml> <http://creativecommons.org/ns#license> <http://creativecommons.org/licenses/by-nd/3.0/> .
