<http://rdfa.info/test-suite/test-cases/xhtml1/rdfa1.0/0093.xml> <http://purl.org/dc/elements/1.1/creator> "Albert Einstein" .
<http://rdfa.info/test-suite/test-cases/xhtml1/rdfa1.0/0093.xml> <http://purl.org/dc/elements/1.1/title> "E = mc2: The Most Urgent Problem of Our Time"^^<http://www.example.org/XMLLiteral> .
