<http://rdfa.info/test-suite/test-cases/xhtml1/rdfa1.0/0106.xml> <http://purl.org/dc/elements/1.1/creator> _:a .
