<http://rdfa.info/test-suite/test-cases/xhtml1/rdfa1.0/0131.xml> <http://www.w3.org/1999/xhtml/vocab#next> <http://example.org/test.css> .
<http://rdfa.info/test-suite/test-cases/xhtml1/rdfa1.0/0131.xml> <http://www.w3.org/1999/xhtml/vocab#prev> <http://example.org/test.css> .
<http://rdfa.info/test-suite/test-cases/xhtml1/rdfa1.0/0131.xml> <http://www.w3.org/1999/xhtml/vocab#first> <http://example.org/test.css> .
<http://rdfa.info/test-suite/test-cases/xhtml1/rdfa1.0/0131.xml> <http://www.w3.org/1999/xhtml/vocab#last> <http://example.org/test.css> .
<http://rdfa.info/test-suite/test-cases/xhtml1/rdfa1.0/0131.xml> <http://www.w3.org/1999/xhtml/vocab#subsection> <http://example.org/test.css> .
