<http://rdfa.info/test-suite/test-cases/xhtml1/rdfa1.0/0134.xml> <http://www.w3.org/1999/xhtml/vocab#license> <http://example.org/test.css> .
