<http://rdfa.info/test-suite/test-cases/xhtml1/rdfa1.0/0147.xml> <http://example.org/test> "Test" .
