<http://rdfa.info/test-suite/test-cases/xhtml1/rdfa1.0/0230.xml> <http://www.w3.org/1999/xhtml/vocab#license> <http://creativecommons.org/licenses/by-nc-sa/2.0/> .
