<http://www.example.org/#somebody> <http://xmlns.com/foaf/0.1/knows> _:bnodeid1 .
_:bnodeid1 <http://xmlns.com/foaf/0.1/name> "Ivan Herman" .
_:bnodeid1 <http://xmlns.com/foaf/0.1/mailbox> <mailto:ivan@w3.org> .
<http://www.example.org/#somebody> <http://xmlns.com/foaf/0.1/knows> _:bnodeid2 .
_:bnodeid2 <http://www.w3.org/1999/02/22-rdf-syntax-ns#type> <http://xmlns.com/foaf/0.1/Person> .
_:bnodeid2 <http://xmlns.com/foaf/0.1/name> "Mark Birbeck" .
