<http://rdfa.info/test-suite/test-cases/xhtml1/rdfa1.0/0263.xml> <http://www.w3.org/2000/01/rdf-schema#seeAlso> <http://www.example.org> .
