<http://rdfa.info/test-suite/test-cases/xhtml1/rdfa1.0/0286.xml> <http://www.w3.org/1999/02/22-rdf-syntax-ns#value> "veni, vidi, vici"@lat .
