<http://rdfa.info/test-suite/test-cases/xhtml1/rdfa1.0/0287.xml> <http://www.w3.org/1999/02/22-rdf-syntax-ns#value> "2012-03-18T00:00:00-08:00"^^<http://www.w3.org/2001/XMLSchema#dateTime> .
