<http://rdfa.info/test-suite/test-cases/xhtml1/rdfa1.0/0033.xml> <http://purl.org/dc/elements/1.1/creator> _:a .
_:a <http://xmlns.com/foaf/0.1/name> "Ben Adida" .
