<http://rdfa.info/test-suite/test-cases/xhtml1/rdfa1.0/0113.xml#a> <http://purl.org/dc/elements/1.1/title> "" .
<http://rdfa.info/test-suite/test-cases/xhtml1/rdfa1.0/0113.xml#b> <http://purl.org/dc/elements/1.1/title> "" .
