<http://example.org/#me> <http://www.example.com/wrong/foaf/uri/name> "Ivan Herman" .
