<http://rdfa.info/test-suite/test-cases/xhtml1/rdfa1.0/0258.xml> <http://www.w3.org/ns/earl#testcase> _:test .
