<http://example.org/node> <http://example.org/ns#prop1> "chat"@en .
<http://example.org/node> <http://example.org/ns#prop2> "chat"@fr .
<http://example.org/node> <http://example.org/ns#prop3> "chat" .
