_:genid1 <http://www.w3.org/1999/02/22-rdf-syntax-ns#type> <http://example.org/ns#Thing> .
<http://example.org/node> <http://example.org/ns#prop> _:genid1 .
