<http://example.org/node> <http://www.w3.org/1999/02/22-rdf-syntax-ns#type> <http://www.w3.org/2000/01/rdf-schema#Resource> .
<http://example.org/node> <http://www.w3.org/1999/02/22-rdf-syntax-ns#type> <http://www.w3.org/2000/01/rdf-schema#Literal> .
<http://example.org/node> <http://www.w3.org/1999/02/22-rdf-syntax-ns#type> <http://www.w3.org/2000/01/rdf-schema#Class> .
<http://example.org/node> <http://www.w3.org/1999/02/22-rdf-syntax-ns#type> <http://www.w3.org/2000/01/rdf-schema#Datatype> .
<http://example.org/node> <http://www.w3.org/1999/02/22-rdf-syntax-ns#type> <http://www.w3.org/2000/01/rdf-schema#Container> .
<http://example.org/node> <http://www.w3.org/1999/02/22-rdf-syntax-ns#type> <http://www.w3.org/2000/01/rdf-schema#ContainerMembershipProperty> .
<http://example.org/node1> <http://www.w3.org/2000/01/rdf-schema#subClassOf> <http://example.org/node2> .
<http://example.org/node1> <http://www.w3.org/2000/01/rdf-schema#subPropertyOf> <http://example.org/node2> .
<http://example.org/node1> <http://www.w3.org/2000/01/rdf-schema#domain> <http://example.org/node2> .
<http://example.org/node1> <http://www.w3.org/2000/01/rdf-schema#range> <http://example.org/node2> .
<http://example.org/node1> <http://www.w3.org/2000/01/rdf-schema#label> <http://example.org/node2> .
<http://example.org/node1> <http://www.w3.org/2000/01/rdf-schema#comment> <http://example.org/node2> .
<http://example.org/node1> <http://www.w3.org/2000/01/rdf-schema#member> <http://example.org/node2> .
<http://example.org/node1> <http://www.w3.org/2000/01/rdf-schema#seeAlso> <http://example.org/node2> .
<http://example.org/node1> <http://www.w3.org/2000/01/rdf-schema#isDefinedBy> <http://example.org/node2> .
<http://example.org/node1> <http://www.w3.org/2000/01/rdf-schema#subClassOf> "abc" .
<http://example.org/node1> <http://www.w3.org/2000/01/rdf-schema#subPropertyOf> "abc" .
<http://example.org/node1> <http://www.w3.org/2000/01/rdf-schema#domain> "abc" .
<http://example.org/node1> <http://www.w3.org/2000/01/rdf-schema#range> "abc" .
<http://example.org/node1> <http://www.w3.org/2000/01/rdf-schema#label> "abc" .
<http://example.org/node1> <http://www.w3.org/2000/01/rdf-schema#comment> "abc" .
<http://example.org/node1> <http://www.w3.org/2000/01/rdf-schema#member> "abc" .
<http://example.org/node1> <http://www.w3.org/2000/01/rdf-schema#seeAlso> "abc" .
<http://example.org/node1> <http://www.w3.org/2000/01/rdf-schema#isDefinedBy> "abc" .
