<http://example.org/node> <http://www.w3.org/1999/02/22-rdf-syntax-ns#type> <http://www.w3.org/1999/02/22-rdf-syntax-ns#Seq> .
<http://example.org/node> <http://www.w3.org/1999/02/22-rdf-syntax-ns#type> <http://www.w3.org/1999/02/22-rdf-syntax-ns#Bag> .
<http://example.org/node> <http://www.w3.org/1999/02/22-rdf-syntax-ns#type> <http://www.w3.org/1999/02/22-rdf-syntax-ns#Alt> .
<http://example.org/node> <http://www.w3.org/1999/02/22-rdf-syntax-ns#type> <http://www.w3.org/1999/02/22-rdf-syntax-ns#Statement> .
<http://example.org/node> <http://www.w3.org/1999/02/22-rdf-syntax-ns#type> <http://www.w3.org/1999/02/22-rdf-syntax-ns#Property> .
<http://example.org/node> <http://www.w3.org/1999/02/22-rdf-syntax-ns#type> <http://www.w3.org/1999/02/22-rdf-syntax-ns#XMLLiteral> .
<http://example.org/node> <http://www.w3.org/1999/02/22-rdf-syntax-ns#type> <http://www.w3.org/1999/02/22-rdf-syntax-ns#List> .
<http://example.org/node> <http://www.w3.org/1999/02/22-rdf-syntax-ns#type> <http://www.w3.org/1999/02/22-rdf-syntax-ns#subject> .
<http://example.org/node> <http://www.w3.org/1999/02/22-rdf-syntax-ns#type> <http://www.w3.org/1999/02/22-rdf-syntax-ns#predicate> .
<http://example.org/node> <http://www.w3.org/1999/02/22-rdf-syntax-ns#type> <http://www.w3.org/1999/02/22-rdf-syntax-ns#object> .
<http://example.org/node> <http://www.w3.org/1999/02/22-rdf-syntax-ns#type> <http://www.w3.org/1999/02/22-rdf-syntax-ns#type> .
<http://example.org/node> <http://www.w3.org/1999/02/22-rdf-syntax-ns#type> <http://www.w3.org/1999/02/22-rdf-syntax-ns#value> .
<http://example.org/node> <http://www.w3.org/1999/02/22-rdf-syntax-ns#type> <http://www.w3.org/1999/02/22-rdf-syntax-ns#first> .
<http://example.org/node> <http://www.w3.org/1999/02/22-rdf-syntax-ns#type> <http://www.w3.org/1999/02/22-rdf-syntax-ns#rest> .
<http://example.org/node> <http://www.w3.org/1999/02/22-rdf-syntax-ns#type> <http://www.w3.org/1999/02/22-rdf-syntax-ns#_1> .
<http://example.org/node> <http://www.w3.org/1999/02/22-rdf-syntax-ns#type> <http://www.w3.org/1999/02/22-rdf-syntax-ns#nil> .
<http://example.org/node1> <http://www.w3.org/1999/02/22-rdf-syntax-ns#Seq> <http://example.org/node2> .
<http://example.org/node1> <http://www.w3.org/1999/02/22-rdf-syntax-ns#Bag> <http://example.org/node2> .
<http://example.org/node1> <http://www.w3.org/1999/02/22-rdf-syntax-ns#Alt> <http://example.org/node2> .
<http://example.org/node1> <http://www.w3.org/1999/02/22-rdf-syntax-ns#Statement> <http://example.org/node2> .
<http://example.org/node1> <http://www.w3.org/1999/02/22-rdf-syntax-ns#Property> <http://example.org/node2> .
<http://example.org/node1> <http://www.w3.org/1999/02/22-rdf-syntax-ns#XMLLiteral> <http://example.org/node2> .
<http://example.org/node1> <http://www.w3.org/1999/02/22-rdf-syntax-ns#List> <http://example.org/node2> .
<http://example.org/node1> <http://www.w3.org/1999/02/22-rdf-syntax-ns#subject> <http://example.org/node2> .
<http://example.org/node1> <http://www.w3.org/1999/02/22-rdf-syntax-ns#predicate> <http://example.org/node2> .
<http://example.org/node1> <http://www.w3.org/1999/02/22-rdf-syntax-ns#object> <http://example.org/node2> .
<http://example.org/node1> <http://www.w3.org/1999/02/22-rdf-syntax-ns#type> <http://example.org/node2> .
<http://example.org/node1> <http://www.w3.org/1999/02/22-rdf-syntax-ns#value> <http://example.org/node2> .
<http://example.org/node1> <http://www.w3.org/1999/02/22-rdf-syntax-ns#first> <http://example.org/node2> .
<http://example.org/node1> <http://www.w3.org/1999/02/22-rdf-syntax-ns#rest> <http://example.org/node2> .
<http://example.org/node1> <http://www.w3.org/1999/02/22-rdf-syntax-ns#_1> <http://example.org/node1> .
<http://example.org/node1> <http://www.w3.org/1999/02/22-rdf-syntax-ns#_2> <http://example.org/node2> .
<http://example.org/node1> <http://www.w3.org/1999/02/22-rdf-syntax-ns#Seq> "abc" .
<http://example.org/node1> <http://www.w3.org/1999/02/22-rdf-syntax-ns#Bag> "abc" .
<http://example.org/node1> <http://www.w3.org/1999/02/22-rdf-syntax-ns#Alt> "abc" .
<http://example.org/node1> <http://www.w3.org/1999/02/22-rdf-syntax-ns#Statement> "abc" .
<http://example.org/node1> <http://www.w3.org/1999/02/22-rdf-syntax-ns#Property> "abc" .
<http://example.org/node1> <http://www.w3.org/1999/02/22-rdf-syntax-ns#XMLLiteral> "abc" .
<http://example.org/node1> <http://www.w3.org/1999/02/22-rdf-syntax-ns#List> "abc" .
<http://example.org/node1> <http://www.w3.org/1999/02/22-rdf-syntax-ns#subject> "abc" .
<http://example.org/node1> <http://www.w3.org/1999/02/22-rdf-syntax-ns#predicate> "abc" .
<http://example.org/node1> <http://www.w3.org/1999/02/22-rdf-syntax-ns#object> "abc" .
<http://example.org/node1> <http://www.w3.org/1999/02/22-rdf-syntax-ns#type> <http://example.org/node1> .
<http://example.org/node1> <http://www.w3.org/1999/02/22-rdf-syntax-ns#value> "abc" .
<http://example.org/node1> <http://www.w3.org/1999/02/22-rdf-syntax-ns#first> "abc" .
<http://example.org/node1> <http://www.w3.org/1999/02/22-rdf-syntax-ns#rest> "abc" .
<http://example.org/node1> <http://www.w3.org/1999/02/22-rdf-syntax-ns#_1> "abc" .
<http://example.org/node1> <http://www.w3.org/1999/02/22-rdf-syntax-ns#value> _:node2 .
_:node1 <http://www.w3.org/1999/02/22-rdf-syntax-ns#value> <http://example.org/node2> .
<http://example.org/node1> <http://www.w3.org/1999/02/22-rdf-syntax-ns#value> "apples" .
<http://example.org/node1> <http://www.w3.org/1999/02/22-rdf-syntax-ns#value> "pears"^^<http://www.w3.org/1999/02/22-rdf-syntax-ns#XMLLiteral> .
<http://example.org/node1> <http://www.w3.org/1999/02/22-rdf-syntax-ns#value> "oranges"^^<http://www.w3.org/1999/02/22-rdf-syntax-ns#XMLLiteral> .
<http://example.org/node1> <http://www.w3.org/1999/02/22-rdf-syntax-ns#value> "10"^^<http://www.w3.org/2000/10/XMLSchema#decimal> .
