<http://example.org/node/> <http://example.org/ns#prop1> ""^^<http://www.w3.org/1999/02/22-rdf-syntax-ns#XMLLiteral> .
