<http://example.org/res> <http://www.w3.org/1999/02/22-rdf-syntax-ns#type> <http://www.w3.org/1999/02/22-rdf-syntax-ns#description> .
<http://example.org/res> <http://example.org/foo> "bar" .
