<http://example.org/node> <http://example.org/ns#prop1> "\n      <name xmlns=\"http://example.org/ns#\">prop1name</name>\n    "^^<http://www.w3.org/1999/02/22-rdf-syntax-ns#XMLLiteral> .
<http://example.org/node> <http://example.org/ns#prop2> "\n      <rdf:Description xmlns:rdf=\"http://www.w3.org/1999/02/22-rdf-syntax-ns#\" rdf:about=\"http://example.org/first\"></rdf:Description>\n      <rdf:Description xmlns:rdf=\"http://www.w3.org/1999/02/22-rdf-syntax-ns#\" rdf:about=\"http://example.org/second\"></rdf:Description>\n      <rdf:Description xmlns:rdf=\"http://www.w3.org/1999/02/22-rdf-syntax-ns#\" rdf:about=\"http://example.org/third\"></rdf:Description>\n    "^^<http://www.w3.org/1999/02/22-rdf-syntax-ns#XMLLiteral> .
