Project(
        BGP(
            triple(variable(s), variable(p), variable(o))
        ) ,
        Variables([ variable(s), variable(p), variable(o) ])
)
